node.exe : Connection 
failed: 
At line:1 char:1
+ & "C:\Program 
Files\nodejs/node.exe" 
"C:\Program 
Files\nodejs/node_mo ...
+ ~~~~~~~~~~~~~~~~~~~~~~~~~~
~~~~~~~~~~~~~~~~~~~~~~~~~~~~
~~~~~~~~~~~~~~~
    + CategoryInfo          
    : NotSpecified: (Conne  
  ction failed: :String)    
 [], RemoteException
    + FullyQualifiedErrorId 
    : NativeCommandError
 
Invalid 
`prisma.employee.count()` 
invocation in
D:\easyHR\test-prisma.ts:5:4
5

  2 
  3 async function main() {
  4     try {
ΓåÆ 5         const count = 
await prisma.employee.count(
Error opening a TLS 
connection: The server does 
not support SSL connections
Error code: P1011
npm notice
npm notice New minor 
version of npm available! 
11.6.2 -> 11.10.0
npm notice Changelog: https:
//github.com/npm/cli/release
s/tag/v11.10.0
npm notice To update run: 
npm install -g npm@11.10.0
npm notice
